gowtham.csv
date,date,date,date,meal_type,key_ingredients_tags,typical_ingredient_cost,observed_market_price,actual_selling_price,quantity_sold,has_promotion,special_event,weather_condition
01-01-2024,11,Food Stall,Laksa,Lunch,"rice noodles, fish broth, tamarind, shrimp paste, cucumber, mint",4.5,10.59,12.48,361,FALSE,FALSE,Sunny
01-01-2024,32,Fine Dining,Spaghetti Carbonara,Lunch,"spaghetti, eggs, cheese, beef bacon, black pepper",9,40.3,55.54,262,FALSE,FALSE,Rainy
01-01-2024,1,Food Stall,Cendol,Lunch,"rice flour jelly, coconut milk, palm sugar, red beans",2,4.8,6.72,409,FALSE,FALSE,Sunny
01-01-2024,3,Cafe,Spaghetti Carbonara,Lunch,"spaghetti, eggs, cheese, beef bacon, black pepper",9,34.64,36.95,237,FALSE,FALSE,Rainy
01-01-2024,46,Casual Dining,Chicken Chop,Lunch,"chicken thigh, black pepper sauce, fries, coleslaw",8,28.2,39.31,270,FALSE,FALSE,Cloudy
01-01-2024,3,Cafe,Iced Lemon Tea,Lunch,"black tea, lemon, sugar syrup",1.2,4.89,5.14,714,FALSE,FALSE,Sunny
01-02-2024,39,Casual Dining,Chicken Chop,Lunch,"chicken thigh, black pepper sauce, fries, coleslaw",8,22.02,47.06,143,FALSE,FALSE,Cloudy
01-02-2024,20,Casual Dining,Cendol,Lunch,"rice flour jelly, coconut milk, palm sugar, red beans",2,5.45,11.22,172,FALSE,FALSE,Rainy
01-02-2024,42,Fine Dining,Nasi Lemak,Lunch,"rice, coconut milk, sambal, anchovies, egg, peanuts",2.5,13.47,10.89,238,TRUE,FALSE,Sunny
01-02-2024,3,Cafe,Mushroom Soup,Lunch,"mushrooms, cream, onion, garlic, vegetable broth",3.5,12.49,20.13,20,FALSE,FALSE,Sunny
01-02-2024,13,Food Stall,Nasi Lemak,Lunch,"rice, coconut milk, sambal, anchovies, egg, peanuts",2.5,5.55,7.91,350,FALSE,FALSE,Sunny
01-02-2024,33,Cafe,Teh Tarik,Lunch,"black tea, condensed milk, evaporated milk",0.9,2.81,3.16,385,FALSE,FALSE,Cloudy
01-02-2024,44,Food Stall,Cendol,Lunch,"rice flour jelly, coconut milk, palm sugar, red beans",2,5.23,5.63,353,FALSE,FALSE,Cloudy
01-02-2024,8,Casual Dining,Mushroom Soup,Lunch,"mushrooms, cream, onion, garlic, vegetable broth",3.5,10.52,20.21,88,FALSE,FALSE,Rainy
01-02-2024,33,Cafe,Mushroom Soup,Lunch,"mushrooms, cream, onion, garlic, vegetable broth",3.5,13.43,17.73,59,FALSE,FALSE,Cloudy
01-02-2024,6,Fine Dining,Chicken Chop,Lunch,"chicken thigh, black pepper sauce, fries, coleslaw",8,36.95,71.87,94,FALSE,FALSE,Sunny
01-02-2024,10,Fine Dining,Beef Rendang,Lunch,"beef, coconut milk, galangal, lemongrass, spices, chili",9,36.42,60.28,241,FALSE,FALSE,Rainy
01-02-2024,31,Food Stall,Laksa,Lunch,"rice noodles, fish broth, tamarind, shrimp paste, cucumber, mint",4.5,10.84,20.42,73,FALSE,FALSE,Sunny
01-02-2024,11,Food Stall,Teh Tarik,Lunch,"black tea, condensed milk, evaporated milk",0.9,2.18,2.46,385,FALSE,FALSE,Cloudy
01-03-2024,38,Fine Dining,Beef Rendang,Lunch,"beef, coconut milk, galangal, lemongrass, spices, chili",9,49.12,53.04,148,TRUE,FALSE,Sunny
01-03-2024,46,Casual Dining,Spaghetti Carbonara,Lunch,"spaghetti, eggs, cheese, beef bacon, black pepper",9,24.51,53.13,148,FALSE,FALSE,Sunny
01-03-2024,11,Food Stall,Laksa,Lunch,"rice noodles, fish broth, tamarind, shrimp paste, cucumber, mint",4.5,9.08,13.76,263,FALSE,FALSE,Cloudy
01-03-2024,6,Fine Dining,Mushroom Soup,Lunch,"mushrooms, cream, onion, garlic, vegetable broth",3.5,15.14,22.46,210,FALSE,FALSE,Sunny
01-03-2024,19,Casual Dining,Teh Tarik,Lunch,"black tea, condensed milk, evaporated milk",0.9,2.99,3.79,496,FALSE,FALSE,Rainy
01-03-2024,23,Fine Dining,Beef Rendang,Lunch,"beef, coconut milk, galangal, lemongrass, spices, chili",9,44.46,74.97,23,FALSE,FALSE,Rainy
01-03-2024,44,Food Stall,Laksa,Lunch,"rice noodles, fish broth, tamarind, shrimp paste, cucumber, mint",4.5,12.65,14.06,192,FALSE,FALSE,Sunny
01-04-2024,23,Fine Dining,Beef Rendang,Lunch,"beef, coconut milk, galangal, lemongrass, spices, chili",9,44.7,68.43,194,FALSE,FALSE,Cloudy
01-04-2024,5,Cafe,Iced Lemon Tea,Lunch,"black tea, lemon, sugar syrup",1.2,3.73,5.86,226,FALSE,FALSE,Sunny
01-04-2024,19,Casual Dining,Cendol,Lunch,"rice flour jelly, coconut milk, palm sugar, red beans",2,6.74,11.23,218,FALSE,FALSE,Cloudy
01-04-2024,30,Cafe,Cendol,Lunch,"rice flour jelly, coconut milk, palm sugar, red beans",2,5.79,6.65,425,TRUE,FALSE,Sunny
01-04-2024,13,Food Stall,Nasi Lemak,Lunch,"rice, coconut milk, sambal, anchovies, egg, peanuts",2.5,4.47,7.31,346,FALSE,FALSE,Sunny
01-04-2024,26,Food Stall,Nasi Lemak,Lunch,"rice, coconut milk, sambal, anchovies, egg, peanuts",2.5,5.47,7.74,259,FALSE,FALSE,Sunny
01-04-2024,33,Cafe,Cendol,Lunch,"rice flour jelly, coconut milk, palm sugar, red beans",2,6.7,9.42,231,FALSE,FALSE,Rainy
01-04-2024,13,Food Stall,Teh Tarik,Lunch,"black tea, condensed milk, evaporated milk",0.9,1.8,2.43,506,FALSE,FALSE,Sunny
01-04-2024,47,Food Stall,Laksa,Lunch,"rice noodles, fish broth, tamarind, shrimp paste, cucumber, mint",4.5,8.86,15.33,178,FALSE,FALSE,Sunny
01-04-2024,44,Food Stall,Laksa,Lunch,"rice noodles, fish broth, tamarind, shrimp paste, cucumber, mint",4.5,9.21,14.53,270,FALSE,FALSE,Sunny
01-04-2024,34,Casual Dining,Char Kway Teow,Lunch,"flat rice noodles, prawns, cockles, bean sprouts, chives, soy sauce",5,14.73,28.49,207,FALSE,FALSE,Sunny
01-04-2024,23,Fine Dining,Nasi Lemak,Lunch,"rice, coconut milk, sambal, anchovies, egg, peanuts",2.5,11.46,9.51,477,TRUE,FALSE,Sunny
01-04-2024,13,Food Stall,Cendol,Lunch,"rice flour jelly, coconut milk, palm sugar, red beans",2,4.89,7.04,279,FALSE,FALSE,Sunny
01-05-2024,12,Cafe,Teh Tarik,Lunch,"black tea, condensed milk, evaporated milk",0.9,3.27,3.22,316,FALSE,FALSE,Cloudy
01-05-2024,4,Cafe,Teh Tarik,Lunch,"black tea, condensed milk, evaporated milk",0.9,2.88,3.62,439,FALSE,FALSE,Sunny
01-05-2024,25,Fine Dining,Beef Rendang,Lunch,"beef, coconut milk, galangal, lemongrass, spices, chili",9,55.63,68.8,153,FALSE,FALSE,Sunny
01-05-2024,43,Casual Dining,Mushroom Soup,Lunch,"mushrooms, cream, onion, garlic, vegetable broth",3.5,11.24,22.87,86,FALSE,FALSE,Sunny
01-05-2024,37,Food Stall,Cendol,Lunch,"rice flour jelly, coconut milk, palm sugar, red beans",2,3.83,7.59,35,FALSE,FALSE,Rainy
01-05-2024,11,Food Stall,Laksa,Lunch,"rice noodles, fish broth, tamarind, shrimp paste, cucumber, mint",4.5,10.53,16.21,53,FALSE,FALSE,Sunny
01-05-2024,34,Casual Dining,Teh Tarik,Lunch,"black tea, condensed milk, evaporated milk",0.9,2.56,4.13,615,FALSE,FALSE,Sunny
01-05-2024,28,Fine Dining,Mushroom Soup,Lunch,"mushrooms, cream, onion, garlic, vegetable broth",3.5,18.72,30.56,6,FALSE,FALSE,Sunny
01-06-2024,20,Casual Dining,Spaghetti Carbonara,Lunch,"spaghetti, eggs, cheese, beef bacon, black pepper",9,30.01,62.08,106,FALSE,FALSE,Cloudy
01-06-2024,40,Food Stall,Cendol,Lunch,"rice flour jelly, coconut milk, palm sugar, red beans",2,4.62,6.81,395,FALSE,TRUE,Cloudy
01-06-2024,35,Food Stall,Chicken Rice,Lunch,"chicken, rice, ginger, garlic, chili sauce, cucumber",4,7.48,12.4,230,FALSE,FALSE,Sunny
01-06-2024,49,Kopitiam,Char Kway Teow,Lunch,"flat rice noodles, prawns, cockles, bean sprouts, chives, soy sauce",5,14.29,21.43,202,FALSE,FALSE,Cloudy
01-06-2024,34,Casual Dining,Char Kway Teow,Lunch,"flat rice noodles, prawns, cockles, bean sprouts, chives, soy sauce",5,14.59,25.34,199,FALSE,FALSE,Sunny
01-06-2024,9,Casual Dining,Chicken Chop,Lunch,"chicken thigh, black pepper sauce, fries, coleslaw",8,23.13,46.47,176,FALSE,FALSE,Sunny
01-06-2024,37,Food Stall,Cendol,Lunch,"rice flour jelly, coconut milk, palm sugar, red beans",2,4.82,6.32,337,FALSE,FALSE,Rainy
01-06-2024,47,Food Stall,Laksa,Lunch,"rice noodles, fish broth, tamarind, shrimp paste, cucumber, mint",4.5,12.71,15.8,68,FALSE,FALSE,Rainy
01-07-2024,25,Fine Dining,Beef Rendang,Lunch,"beef, coconut milk, galangal, lemongrass, spices, chili",9,49.08,63.62,0,FALSE,FALSE,Sunny
01-07-2024,28,Fine Dining,Nasi Lemak,Lunch,"rice, coconut milk, sambal, anchovies, egg, peanuts",2.5,10.22,16.76,421,FALSE,FALSE,Cloudy
01-07-2024,42,Fine Dining,Nasi Lemak,Lunch,"rice, coconut milk, sambal, anchovies, egg, peanuts",2.5,13.58,12.69,444,FALSE,FALSE,Sunny
01-07-2024,43,Casual Dining,Mushroom Soup,Lunch,"mushrooms, cream, onion, garlic, vegetable broth",3.5,9.56,18.36,25,FALSE,FALSE,Rainy
01-07-2024,45,Food Stall,Cendol,Lunch,"rice flour jelly, coconut milk, palm sugar, red beans",2,4,6.33,361,FALSE,FALSE,Cloudy
01-07-2024,9,Casual Dining,Beef Rendang,Lunch,"beef, coconut milk, galangal, lemongrass, spices, chili",9,23.86,41.77,241,FALSE,FALSE,Rainy
01-07-2024,6,Fine Dining,Chicken Chop,Lunch,"chicken thigh, black pepper sauce, fries, coleslaw",8,34.97,43.6,283,FALSE,FALSE,Sunny
01-07-2024,25,Fine Dining,Nasi Lemak,Lunch,"rice, coconut milk, sambal, anchovies, egg, peanuts",2.5,11.01,12.74,408,FALSE,FALSE,Sunny
01-07-2024,39,Casual Dining,Teh Tarik,Lunch,"black tea, condensed milk, evaporated milk",0.9,3.03,3.9,638,FALSE,FALSE,Sunny
01-07-2024,32,Fine Dining,Mushroom Soup,Lunch,"mushrooms, cream, onion, garlic, vegetable broth",3.5,13.88,28.99,106,FALSE,FALSE,Cloudy
01-07-2024,23,Fine Dining,Beef Rendang,Lunch,"beef, coconut milk, galangal, lemongrass, spices, chili",9,36.1,82.38,107,FALSE,FALSE,Rainy
01-07-2024,23,Fine Dining,Spaghetti Carbonara,Lunch,"spaghetti, eggs, cheese, beef bacon, black pepper",9,47.21,75.55,39,FALSE,FALSE,Rainy
01-07-2024,46,Casual Dining,Spaghetti Carbonara,Lunch,"spaghetti, eggs, cheese, beef bacon, black pepper",9,26.19,29.33,273,TRUE,FALSE,Sunny
01-07-2024,23,Fine Dining,Chicken Chop,Lunch,"chicken thigh, black pepper sauce, fries, coleslaw",8,34.94,36.98,498,TRUE,FALSE,Cloudy
01-08-2024,42,Fine Dining,Spaghetti Carbonara,Lunch,"spaghetti, eggs, cheese, beef bacon, black pepper",9,38.45,73.99,111,FALSE,FALSE,Sunny
01-08-2024,47,Food Stall,Laksa,Lunch,"rice noodles, fish broth, tamarind, shrimp paste, cucumber, mint",4.5,10.16,13.88,142,FALSE,FALSE,Cloudy
01-09-2024,13,Food Stall,Nasi Lemak,Lunch,"rice, coconut milk, sambal, anchovies, egg, peanuts",2.5,4.73,11.47,109,FALSE,FALSE,Sunny
01-09-2024,30,Cafe,Beef Rendang,Lunch,"beef, coconut milk, galangal, lemongrass, spices, chili",9,32.82,48.57,60,FALSE,FALSE,Cloudy
01-09-2024,24,Casual Dining,Cendol,Lunch,"rice flour jelly, coconut milk, palm sugar, red beans",2,5.74,10.98,194,FALSE,FALSE,Cloudy
01-09-2024,35,Food Stall,Cendol,Lunch,"rice flour jelly, coconut milk, palm sugar, red beans",2,4.91,6.69,131,FALSE,FALSE,Cloudy
01-09-2024,11,Food Stall,Cendol,Lunch,"rice flour jelly, coconut milk, palm sugar, red beans",2,4.16,7.99,18,FALSE,TRUE,Rainy
01-09-2024,41,Cafe,Chicken Chop,Lunch,"chicken thigh, black pepper sauce, fries, coleslaw",8,23.01,36.47,199,FALSE,FALSE,Cloudy
01-09-2024,14,Food Stall,Cendol,Lunch,"rice flour jelly, coconut milk, palm sugar, red beans",2,3.9,6.1,210,FALSE,FALSE,Sunny
01-09-2024,48,Casual Dining,Char Kway Teow,Lunch,"flat rice noodles, prawns, cockles, bean sprouts, chives, soy sauce",5,15.72,34.16,110,FALSE,FALSE,Sunny
01-09-2024,14,Food Stall,Cendol,Lunch,"rice flour jelly, coconut milk, palm sugar, red beans",2,4.68,9,88,FALSE,FALSE,Rainy
01-09-2024,43,Casual Dining,Chicken Chop,Lunch,"chicken thigh, black pepper sauce, fries, coleslaw",8,23.3,41.16,363,FALSE,FALSE,Rainy
01-09-2024,29,Food Stall,Char Kway Teow,Lunch,"flat rice noodles, prawns, cockles, bean sprouts, chives, soy sauce",5,11.08,19.51,25,FALSE,FALSE,Rainy
01-09-2024,37,Food Stall,Cendol,Lunch,"rice flour jelly, coconut milk, palm sugar, red beans",2,3.74,8.58,73,FALSE,FALSE,Sunny
01-09-2024,25,Fine Dining,Iced Lemon Tea,Lunch,"black tea, lemon, sugar syrup",1.2,6.53,6.98,323,FALSE,FALSE,Sunny
01-09-2024,9,Casual Dining,Iced Lemon Tea,Lunch,"black tea, lemon, sugar syrup",1.2,3.38,6.37,168,FALSE,FALSE,Cloudy
01-10-2024,19,Casual Dining,Cendol,Lunch,"rice flour jelly, coconut milk, palm sugar, red beans",2,6.28,6.79,358,TRUE,FALSE,Rainy
01-10-2024,28,Fine Dining,Chicken Chop,Lunch,"chicken thigh, black pepper sauce, fries, coleslaw",8,36.95,47.54,322,FALSE,TRUE,Sunny
01-10-2024,45,Food Stall,Char Kway Teow,Lunch,"flat rice noodles, prawns, cockles, bean sprouts, chives, soy sauce",5,12.2,13.68,257,FALSE,FALSE,Sunny
01-10-2024,3,Cafe,Beef Rendang,Lunch,"beef, coconut milk, galangal, lemongrass, spices, chili",9,33.25,43.17,135,FALSE,FALSE,Rainy
01-10-2024,47,Food Stall,Laksa,Lunch,"rice noodles, fish broth, tamarind, shrimp paste, cucumber, mint",4.5,10.27,14.68,179,FALSE,FALSE,Sunny
01-10-2024,17,Food Stall,Laksa,Lunch,"rice noodles, fish broth, tamarind, shrimp paste, cucumber, mint",4.5,8.87,16.01,189,FALSE,FALSE,Cloudy
01-10-2024,43,Casual Dining,Cendol,Lunch,"rice flour jelly, coconut milk, palm sugar, red beans",2,6.43,8.11,530,TRUE,FALSE,Rainy
01-10-2024,24,Casual Dining,Chicken Rice,Lunch,"chicken, rice, ginger, garlic, chili sauce, cucumber",4,13.24,25.3,18,FALSE,FALSE,Sunny
01-11-2024,30,Cafe,Teh Tarik,Lunch,"black tea, condensed milk, evaporated milk",0.9,3.41,3.83,478,FALSE,FALSE,Cloudy
01-11-2024,49,Kopitiam,Char Kway Teow,Lunch,"flat rice noodles, prawns, cockles, bean sprouts, chives, soy sauce",5,12.89,19.05,3,FALSE,FALSE,Cloudy
01-11-2024,42,Fine Dining,Beef Rendang,Lunch,"beef, coconut milk, galangal, lemongrass, spices, chili",9,46.67,65.07,96,FALSE,FALSE,Cloudy
01-11-2024,42,Fine Dining,Beef Rendang,Lunch,"beef, coconut milk, galangal, lemongrass, spices, chili",9,47.6,58.71,149,FALSE,FALSE,Sunny
01-11-2024,3,Cafe,Nasi Lemak,Lunch,"rice, coconut milk, sambal, anchovies, egg, peanuts",2.5,8.48,11.19,214,FALSE,FALSE,Sunny
01-11-2024,25,Fine Dining,Spaghetti Carbonara,Lunch,"spaghetti, eggs, cheese, beef bacon, black pepper",9,47.9,61.23,154,FALSE,FALSE,Sunny
01-11-2024,48,Casual Dining,Chicken Rice,Lunch,"chicken, rice, ginger, garlic, chili sauce, cucumber",4,10.29,20.86,144,FALSE,FALSE,Rainy
01-11-2024,41,Cafe,Cendol,Lunch,"rice flour jelly, coconut milk, palm sugar, red beans",2,7.05,8.11,166,FALSE,FALSE,Rainy
01-11-2024,32,Fine Dining,Mushroom Soup,Lunch,"mushrooms, cream, onion, garlic, vegetable broth",3.5,17.83,17,44,TRUE,FALSE,Rainy
01-11-2024,44,Food Stall,Laksa,Lunch,"rice noodles, fish broth, tamarind, shrimp paste, cucumber, mint",4.5,11.93,17.49,4,FALSE,FALSE,Sunny
01-11-2024,28,Fine Dining,Nasi Lemak,Lunch,"rice, coconut milk, sambal, anchovies, egg, peanuts",2.5,13.73,15.84,349,FALSE,FALSE,Cloudy
01-11-2024,13,Food Stall,Nasi Lemak,Lunch,"rice, coconut milk, sambal, anchovies, egg, peanuts",2.5,6.37,6.04,447,TRUE,FALSE,Sunny
01-12-2024,49,Kopitiam,Cendol,Lunch,"rice flour jelly, coconut milk, palm sugar, red beans",2,5.09,5.28,279,TRUE,FALSE,Cloudy
01-12-2024,21,Casual Dining,Iced Lemon Tea,Lunch,"black tea, lemon, sugar syrup",1.2,3.86,5.58,398,FALSE,FALSE,Sunny
01-12-2024,17,Food Stall,Laksa,Lunch,"rice noodles, fish broth, tamarind, shrimp paste, cucumber, mint",4.5,11.81,9.19,414,TRUE,FALSE,Cloudy
01-12-2024,19,Casual Dining,Chicken Rice,Lunch,"chicken, rice, ginger, garlic, chili sauce, cucumber",4,10.23,24.75,0,FALSE,FALSE,Sunny
01-12-2024,37,Food Stall,Chicken Rice,Lunch,"chicken, rice, ginger, garlic, chili sauce, cucumber",4,8.03,11.11,378,FALSE,FALSE,Sunny
01-12-2024,8,Casual Dining,Chicken Chop,Lunch,"chicken thigh, black pepper sauce, fries, coleslaw",8,21.89,42.73,100,TRUE,TRUE,Sunny
01-12-2024,14,Food Stall,Cendol,Lunch,"rice flour jelly, coconut milk, palm sugar, red beans",2,4.75,7.54,229,FALSE,FALSE,Sunny
01-12-2024,32,Fine Dining,Spaghetti Carbonara,Lunch,"spaghetti, eggs, cheese, beef bacon, black pepper",9,43.62,68.87,181,FALSE,FALSE,Cloudy
01-12-2024,31,Food Stall,Laksa,Lunch,"rice noodles, fish broth, tamarind, shrimp paste, cucumber, mint",4.5,12.43,19.12,73,FALSE,FALSE,Cloudy
01-12-2024,24,Casual Dining,Cendol,Lunch,"rice flour jelly, coconut milk, palm sugar, red beans",2,5.99,11.35,130,FALSE,FALSE,Cloudy
01-12-2024,14,Food Stall,Nasi Lemak,Lunch,"rice, coconut milk, sambal, anchovies, egg, peanuts",2.5,6.15,5.59,380,TRUE,FALSE,Rainy
01-12-2024,38,Fine Dining,Mushroom Soup,Lunch,"mushrooms, cream, onion, garlic, vegetable broth",3.5,19.47,24.82,0,FALSE,FALSE,Sunny
01-12-2024,44,Food Stall,Laksa,Lunch,"rice noodles, fish broth, tamarind, shrimp paste, cucumber, mint",4.5,9.83,9.75,387,TRUE,FALSE,Sunny
1/13/2024,31,Food Stall,Cendol,Lunch,"rice flour jelly, coconut milk, palm sugar, red beans",2,4.84,7.48,218,FALSE,FALSE,Cloudy
1/13/2024,37,Food Stall,Char Kway Teow,Lunch,"flat rice noodles, prawns, cockles, bean sprouts, chives, soy sauce",5,11.96,17.94,125,FALSE,FALSE,Sunny
1/13/2024,3,Cafe,Nasi Lemak,Lunch,"rice, coconut milk, sambal, anchovies, egg, peanuts",2.5,7.72,11.09,502,FALSE,FALSE,Sunny
1/13/2024,41,Cafe,Mushroom Soup,Lunch,"mushrooms, cream, onion, garlic, vegetable broth",3.5,12.13,15.41,195,FALSE,FALSE,Sunny
1/13/2024,35,Food Stall,Cendol,Lunch,"rice flour jelly, coconut milk, palm sugar, red beans",2,4.64,6.09,298,FALSE,FALSE,Sunny
1/13/2024,3,Cafe,Spaghetti Carbonara,Lunch,"spaghetti, eggs, cheese, beef bacon, black pepper",9,32.1,52.06,83,FALSE,FALSE,Cloudy
1/13/2024,25,Fine Dining,Beef Rendang,Lunch,"beef, coconut milk, galangal, lemongrass, spices, chili",9,46.87,81.91,102,FALSE,FALSE,Sunny
1/13/2024,29,Food Stall,Teh Tarik,Lunch,"black tea, condensed milk, evaporated milk",0.9,2.1,2.35,1059,TRUE,FALSE,Rainy
1/13/2024,19,Casual Dining,Teh Tarik,Lunch,"black tea, condensed milk, evaporated milk",0.9,2.93,3.52,1023,TRUE,FALSE,Rainy
1/13/2024,45,Food Stall,Chicken Rice,Lunch,"chicken, rice, ginger, garlic, chili sauce, cucumber",4,7.5,8.64,479,TRUE,FALSE,Sunny
1/14/2024,6,Fine Dining,Mushroom Soup,Lunch,"mushrooms, cream, onion, garlic, vegetable broth",3.5,14.26,30.01,100,FALSE,FALSE,Cloudy
1/14/2024,33,Cafe,Cendol,Lunch,"rice flour jelly, coconut milk, palm sugar, red beans",2,6.39,6.15,567,TRUE,FALSE,Sunny
1/14/2024,47,Food Stall,Cendol,Lunch,"rice flour jelly, coconut milk, palm sugar, red beans",2,4.77,3.8,565,TRUE,FALSE,Sunny
1/14/2024,31,Food Stall,Cendol,Lunch,"rice flour jelly, coconut milk, palm sugar, red beans",2,4.44,6.41,229,FALSE,FALSE,Sunny
1/14/2024,46,Casual Dining,Iced Lemon Tea,Lunch,"black tea, lemon, sugar syrup",1.2,3.52,3.7,731,TRUE,FALSE,Sunny
1/14/2024,40,Food Stall,Beef Rendang,Lunch,"beef, coconut milk, galangal, lemongrass, spices, chili",9,21.68,32.35,79,FALSE,FALSE,Rainy
