gowtham.csv
date,date,date,date,meal_type,key_ingredients_tags,typical_ingredient_cost,observed_market_price,actual_selling_price,quantity_sold,has_promotion,special_event,weather_condition
1/14/2024,14,Food Stall,Cendol,Lunch,"rice flour jelly, coconut milk, palm sugar, red beans",2,4.75,6.91,176,FALSE,FALSE,Cloudy
1/15/2024,23,Fine Dining,Nasi Lemak,Lunch,"rice, coconut milk, sambal, anchovies, egg, peanuts",2.5,10.78,16.67,550,FALSE,FALSE,Cloudy
1/15/2024,17,Food Stall,Laksa,Lunch,"rice noodles, fish broth, tamarind, shrimp paste, cucumber, mint",4.5,10.53,12.68,294,FALSE,FALSE,Cloudy
1/15/2024,23,Fine Dining,Nasi Lemak,Lunch,"rice, coconut milk, sambal, anchovies, egg, peanuts",2.5,14.97,16.51,287,FALSE,FALSE,Sunny
1/15/2024,49,Kopitiam,Chicken Rice,Lunch,"chicken, rice, ginger, garlic, chili sauce, cucumber",4,12.44,12.87,353,FALSE,FALSE,Cloudy
1/15/2024,6,Fine Dining,Iced Lemon Tea,Lunch,"black tea, lemon, sugar syrup",1.2,5.3,8.03,454,FALSE,FALSE,Cloudy
1/15/2024,21,Casual Dining,Spaghetti Carbonara,Lunch,"spaghetti, eggs, cheese, beef bacon, black pepper",9,31.8,36.52,326,FALSE,FALSE,Sunny
1/16/2024,30,Cafe,Teh Tarik,Lunch,"black tea, condensed milk, evaporated milk",0.9,3.69,3.44,508,FALSE,FALSE,Sunny
1/16/2024,29,Food Stall,Char Kway Teow,Lunch,"flat rice noodles, prawns, cockles, bean sprouts, chives, soy sauce",5,12.74,16.95,179,FALSE,FALSE,Sunny
1/16/2024,24,Casual Dining,Chicken Rice,Lunch,"chicken, rice, ginger, garlic, chili sauce, cucumber",4,11.42,14.22,324,TRUE,FALSE,Rainy
1/16/2024,9,Casual Dining,Beef Rendang,Lunch,"beef, coconut milk, galangal, lemongrass, spices, chili",9,25.9,56.46,63,FALSE,FALSE,Sunny
1/16/2024,30,Cafe,Mushroom Soup,Lunch,"mushrooms, cream, onion, garlic, vegetable broth",3.5,11.68,15.87,0,FALSE,FALSE,Sunny
1/16/2024,8,Casual Dining,Teh Tarik,Lunch,"black tea, condensed milk, evaporated milk",0.9,2.15,3.52,405,FALSE,FALSE,Sunny
1/16/2024,20,Casual Dining,Spaghetti Carbonara,Lunch,"spaghetti, eggs, cheese, beef bacon, black pepper",9,24.41,42.96,169,FALSE,FALSE,Cloudy
1/16/2024,19,Casual Dining,Chicken Rice,Lunch,"chicken, rice, ginger, garlic, chili sauce, cucumber",4,13.77,20.76,191,FALSE,FALSE,Cloudy
1/16/2024,33,Cafe,Teh Tarik,Lunch,"black tea, condensed milk, evaporated milk",0.9,2.65,3.97,491,FALSE,FALSE,Sunny
1/17/2024,49,Kopitiam,Chicken Rice,Lunch,"chicken, rice, ginger, garlic, chili sauce, cucumber",4,10.75,15.92,137,FALSE,FALSE,Sunny
1/17/2024,23,Fine Dining,Mushroom Soup,Lunch,"mushrooms, cream, onion, garlic, vegetable broth",3.5,19.22,30.47,0,FALSE,FALSE,Rainy
1/17/2024,32,Fine Dining,Mushroom Soup,Lunch,"mushrooms, cream, onion, garlic, vegetable broth",3.5,15.63,26.43,171,FALSE,FALSE,Sunny
1/17/2024,29,Food Stall,Chicken Rice,Lunch,"chicken, rice, ginger, garlic, chili sauce, cucumber",4,9.42,15.57,202,FALSE,FALSE,Sunny
1/17/2024,26,Food Stall,Beef Rendang,Lunch,"beef, coconut milk, galangal, lemongrass, spices, chili",9,22.25,32.63,107,FALSE,FALSE,Sunny
1/17/2024,9,Casual Dining,Nasi Lemak,Lunch,"rice, coconut milk, sambal, anchovies, egg, peanuts",2.5,7.77,8.08,509,TRUE,FALSE,Sunny
1/17/2024,45,Food Stall,Char Kway Teow,Lunch,"flat rice noodles, prawns, cockles, bean sprouts, chives, soy sauce",5,12.57,17.27,0,FALSE,FALSE,Rainy
1/18/2024,14,Food Stall,Beef Rendang,Lunch,"beef, coconut milk, galangal, lemongrass, spices, chili",9,20.06,34.27,0,FALSE,FALSE,Cloudy
1/18/2024,23,Fine Dining,Iced Lemon Tea,Lunch,"black tea, lemon, sugar syrup",1.2,6.89,9.53,121,FALSE,FALSE,Sunny
1/18/2024,9,Casual Dining,Beef Rendang,Lunch,"beef, coconut milk, galangal, lemongrass, spices, chili",9,32.1,47.86,136,FALSE,FALSE,Sunny
1/18/2024,43,Casual Dining,Beef Rendang,Lunch,"beef, coconut milk, galangal, lemongrass, spices, chili",9,28.34,33.72,170,TRUE,FALSE,Cloudy
1/18/2024,47,Food Stall,Laksa,Lunch,"rice noodles, fish broth, tamarind, shrimp paste, cucumber, mint",4.5,10.04,8.6,396,TRUE,FALSE,Cloudy
1/19/2024,3,Cafe,Spaghetti Carbonara,Lunch,"spaghetti, eggs, cheese, beef bacon, black pepper",9,31.37,44.52,160,FALSE,FALSE,Cloudy
1/19/2024,45,Food Stall,Cendol,Lunch,"rice flour jelly, coconut milk, palm sugar, red beans",2,4.24,9.14,122,FALSE,FALSE,Sunny
1/19/2024,32,Fine Dining,Iced Lemon Tea,Lunch,"black tea, lemon, sugar syrup",1.2,5.76,9.46,191,FALSE,FALSE,Cloudy
1/19/2024,41,Cafe,Chicken Chop,Lunch,"chicken thigh, black pepper sauce, fries, coleslaw",8,27.36,38.43,47,FALSE,FALSE,Cloudy
1/19/2024,44,Food Stall,Laksa,Lunch,"rice noodles, fish broth, tamarind, shrimp paste, cucumber, mint",4.5,9.53,16.78,134,FALSE,FALSE,Cloudy
1/19/2024,41,Cafe,Chicken Chop,Lunch,"chicken thigh, black pepper sauce, fries, coleslaw",8,32.53,45.37,77,FALSE,FALSE,Sunny
1/19/2024,41,Cafe,Spaghetti Carbonara,Lunch,"spaghetti, eggs, cheese, beef bacon, black pepper",9,29.31,41.17,212,FALSE,FALSE,Rainy
1/19/2024,13,Food Stall,Nasi Lemak,Lunch,"rice, coconut milk, sambal, anchovies, egg, peanuts",2.5,6.08,5.32,650,TRUE,FALSE,Rainy
1/19/2024,43,Casual Dining,Mushroom Soup,Lunch,"mushrooms, cream, onion, garlic, vegetable broth",3.5,11.61,19.54,164,FALSE,FALSE,Sunny
1/19/2024,49,Kopitiam,Teh Tarik,Lunch,"black tea, condensed milk, evaporated milk",0.9,2.12,2.94,535,FALSE,FALSE,Sunny
1/19/2024,29,Food Stall,Char Kway Teow,Lunch,"flat rice noodles, prawns, cockles, bean sprouts, chives, soy sauce",5,9.31,17.87,161,FALSE,FALSE,Sunny
1/19/2024,32,Fine Dining,Spaghetti Carbonara,Lunch,"spaghetti, eggs, cheese, beef bacon, black pepper",9,44.13,81.76,0,FALSE,FALSE,Sunny
1/19/2024,12,Cafe,Iced Lemon Tea,Lunch,"black tea, lemon, sugar syrup",1.2,3.77,6.15,216,FALSE,FALSE,Cloudy
1/19/2024,6,Fine Dining,Mushroom Soup,Lunch,"mushrooms, cream, onion, garlic, vegetable broth",3.5,15.15,20.43,96,TRUE,FALSE,Cloudy
1/19/2024,3,Cafe,Iced Lemon Tea,Lunch,"black tea, lemon, sugar syrup",1.2,4,6.81,21,FALSE,FALSE,Sunny
1/19/2024,7,Casual Dining,Chicken Chop,Lunch,"chicken thigh, black pepper sauce, fries, coleslaw",8,20.02,33.28,205,TRUE,FALSE,Rainy
1/19/2024,19,Casual Dining,Char Kway Teow,Lunch,"flat rice noodles, prawns, cockles, bean sprouts, chives, soy sauce",5,17.43,25.73,66,FALSE,FALSE,Sunny
1/19/2024,41,Cafe,Iced Lemon Tea,Lunch,"black tea, lemon, sugar syrup",1.2,4.13,3.2,511,TRUE,FALSE,Sunny
1/19/2024,19,Casual Dining,Cendol,Lunch,"rice flour jelly, coconut milk, palm sugar, red beans",2,5.83,12.93,107,FALSE,FALSE,Sunny
1/19/2024,24,Casual Dining,Teh Tarik,Lunch,"black tea, condensed milk, evaporated milk",0.9,2.79,4.15,298,FALSE,FALSE,Cloudy
1/20/2024,28,Fine Dining,Chicken Chop,Lunch,"chicken thigh, black pepper sauce, fries, coleslaw",8,43.99,65.13,105,FALSE,FALSE,Cloudy
1/20/2024,43,Casual Dining,Teh Tarik,Lunch,"black tea, condensed milk, evaporated milk",0.9,3,3.64,1190,TRUE,FALSE,Cloudy
01-01-2024,7,Casual Dining,Spaghetti Carbonara,Dinner,"spaghetti, eggs, cheese, beef bacon, black pepper",9,26.64,60.46,105,FALSE,FALSE,Sunny
01-01-2024,23,Fine Dining,Beef Rendang,Dinner,"beef, coconut milk, galangal, lemongrass, spices, chili",9,49.42,80.15,36,FALSE,FALSE,Rainy
01-01-2024,22,Food Stall,Roti Canai,Dinner,"flour, ghee, egg, water, curry",0.8,2.04,2.48,503,FALSE,FALSE,Sunny
01-01-2024,41,Cafe,Spaghetti Carbonara,Dinner,"spaghetti, eggs, cheese, beef bacon, black pepper",9,31.79,49.14,76,FALSE,FALSE,Cloudy
01-01-2024,29,Food Stall,Char Kway Teow,Dinner,"flat rice noodles, prawns, cockles, bean sprouts, chives, soy sauce",5,11.05,16.9,236,FALSE,FALSE,Cloudy
01-01-2024,2,Food Stall,Tandoori Chicken,Dinner,"chicken, yogurt, tandoori masala, ginger, garlic",7,17.58,27.2,176,FALSE,FALSE,Cloudy
01-01-2024,17,Food Stall,Cendol,Dinner,"rice flour jelly, coconut milk, palm sugar, red beans",2,5.39,5.36,278,FALSE,FALSE,Cloudy
01-01-2024,2,Food Stall,Roti Canai,Dinner,"flour, ghee, egg, water, curry",0.8,1.9,1.81,847,TRUE,FALSE,Sunny
01-01-2024,29,Food Stall,Chicken Rice,Dinner,"chicken, rice, ginger, garlic, chili sauce, cucumber",4,9.19,12.15,344,FALSE,FALSE,Cloudy
01-01-2024,30,Cafe,Teh Tarik,Dinner,"black tea, condensed milk, evaporated milk",0.9,3.23,3.54,412,FALSE,FALSE,Cloudy
01-01-2024,27,Food Stall,Tandoori Chicken,Dinner,"chicken, yogurt, tandoori masala, ginger, garlic",7,15.68,14.6,410,TRUE,FALSE,Cloudy
01-01-2024,5,Cafe,Mushroom Soup,Dinner,"mushrooms, cream, onion, garlic, vegetable broth",3.5,12.68,19.43,73,FALSE,TRUE,Cloudy
01-01-2024,42,Fine Dining,Spaghetti Carbonara,Dinner,"spaghetti, eggs, cheese, beef bacon, black pepper",9,40.64,56.82,143,FALSE,FALSE,Sunny
01-02-2024,22,Food Stall,Tandoori Chicken,Dinner,"chicken, yogurt, tandoori masala, ginger, garlic",7,17.48,31.53,0,FALSE,FALSE,Sunny
01-02-2024,40,Food Stall,Beef Rendang,Dinner,"beef, coconut milk, galangal, lemongrass, spices, chili",9,22.08,33.39,1,FALSE,FALSE,Sunny
01-02-2024,3,Cafe,Chicken Chop,Dinner,"chicken thigh, black pepper sauce, fries, coleslaw",8,28.43,23.57,236,TRUE,FALSE,Cloudy
01-02-2024,47,Food Stall,Cendol,Dinner,"rice flour jelly, coconut milk, palm sugar, red beans",2,4.81,7.02,190,FALSE,FALSE,Sunny
01-02-2024,15,Food Stall,Cendol,Dinner,"rice flour jelly, coconut milk, palm sugar, red beans",2,3.61,7.35,186,FALSE,FALSE,Rainy
01-02-2024,6,Fine Dining,Mushroom Soup,Dinner,"mushrooms, cream, onion, garlic, vegetable broth",3.5,15.08,29.28,30,FALSE,FALSE,Sunny
01-02-2024,18,Food Stall,Roti Canai,Dinner,"flour, ghee, egg, water, curry",0.8,2.09,2.06,711,TRUE,FALSE,Sunny
01-02-2024,18,Food Stall,Roti Canai,Dinner,"flour, ghee, egg, water, curry",0.8,1.88,2.2,301,FALSE,FALSE,Sunny
01-02-2024,42,Fine Dining,Beef Rendang,Dinner,"beef, coconut milk, galangal, lemongrass, spices, chili",9,51.38,66.88,126,FALSE,FALSE,Cloudy
01-02-2024,3,Cafe,Spaghetti Carbonara,Dinner,"spaghetti, eggs, cheese, beef bacon, black pepper",9,33.81,41.11,12,FALSE,FALSE,Sunny
01-02-2024,22,Food Stall,Tandoori Chicken,Dinner,"chicken, yogurt, tandoori masala, ginger, garlic",7,17.36,13.38,318,TRUE,FALSE,Sunny
01-02-2024,41,Cafe,Iced Lemon Tea,Dinner,"black tea, lemon, sugar syrup",1.2,4.33,4.87,357,FALSE,FALSE,Sunny
01-02-2024,49,Kopitiam,Cendol,Dinner,"rice flour jelly, coconut milk, palm sugar, red beans",2,5.7,6.77,220,FALSE,FALSE,Cloudy
01-02-2024,50,Food Stall,Tandoori Chicken,Dinner,"chicken, yogurt, tandoori masala, ginger, garlic",7,15.26,26.91,0,FALSE,FALSE,Cloudy
01-02-2024,5,Cafe,Cendol,Dinner,"rice flour jelly, coconut milk, palm sugar, red beans",2,7.08,10.74,120,FALSE,FALSE,Sunny
01-02-2024,2,Food Stall,Roti Canai,Dinner,"flour, ghee, egg, water, curry",0.8,2.13,1.6,524,TRUE,TRUE,Cloudy
01-03-2024,6,Fine Dining,Spaghetti Carbonara,Dinner,"spaghetti, eggs, cheese, beef bacon, black pepper",9,45.72,61.65,92,FALSE,FALSE,Sunny
01-03-2024,40,Food Stall,Cendol,Dinner,"rice flour jelly, coconut milk, palm sugar, red beans",2,3.75,8.38,64,FALSE,FALSE,Sunny
01-03-2024,22,Food Stall,Roti Canai,Dinner,"flour, ghee, egg, water, curry",0.8,1.62,1.73,673,TRUE,TRUE,Cloudy
01-03-2024,16,Food Stall,Tandoori Chicken,Dinner,"chicken, yogurt, tandoori masala, ginger, garlic",7,14.28,27.15,99,FALSE,FALSE,Cloudy
01-03-2024,18,Food Stall,Tandoori Chicken,Dinner,"chicken, yogurt, tandoori masala, ginger, garlic",7,14.38,24.66,181,FALSE,FALSE,Sunny
01-03-2024,20,Casual Dining,Cendol,Dinner,"rice flour jelly, coconut milk, palm sugar, red beans",2,5.1,11.45,119,FALSE,FALSE,Cloudy
01-03-2024,25,Fine Dining,Beef Rendang,Dinner,"beef, coconut milk, galangal, lemongrass, spices, chili",9,41.75,62.39,103,TRUE,FALSE,Rainy
01-03-2024,23,Fine Dining,Beef Rendang,Dinner,"beef, coconut milk, galangal, lemongrass, spices, chili",9,42.29,73.42,113,FALSE,FALSE,Sunny
01-03-2024,46,Casual Dining,Cendol,Dinner,"rice flour jelly, coconut milk, palm sugar, red beans",2,6.72,9.66,274,FALSE,FALSE,Rainy
01-04-2024,32,Fine Dining,Mushroom Soup,Dinner,"mushrooms, cream, onion, garlic, vegetable broth",3.5,13.64,28.55,0,FALSE,FALSE,Cloudy
01-04-2024,50,Food Stall,Tandoori Chicken,Dinner,"chicken, yogurt, tandoori masala, ginger, garlic",7,13.95,24.04,53,FALSE,FALSE,Sunny
01-04-2024,30,Cafe,Cendol,Dinner,"rice flour jelly, coconut milk, palm sugar, red beans",2,6.35,7.92,359,FALSE,TRUE,Sunny
01-04-2024,39,Casual Dining,Beef Rendang,Dinner,"beef, coconut milk, galangal, lemongrass, spices, chili",9,31.28,46.56,0,FALSE,FALSE,Cloudy
01-04-2024,20,Casual Dining,Teh Tarik,Dinner,"black tea, condensed milk, evaporated milk",0.9,2.64,4.22,577,FALSE,FALSE,Sunny
01-04-2024,23,Fine Dining,Mushroom Soup,Dinner,"mushrooms, cream, onion, garlic, vegetable broth",3.5,18.5,26.95,73,FALSE,FALSE,Cloudy
01-04-2024,50,Food Stall,Tandoori Chicken,Dinner,"chicken, yogurt, tandoori masala, ginger, garlic",7,14.13,23.99,129,FALSE,FALSE,Sunny
01-04-2024,2,Food Stall,Tandoori Chicken,Dinner,"chicken, yogurt, tandoori masala, ginger, garlic",7,15.98,24.27,172,FALSE,FALSE,Sunny
01-04-2024,10,Fine Dining,Chicken Chop,Dinner,"chicken thigh, black pepper sauce, fries, coleslaw",8,40.62,49.74,191,FALSE,FALSE,Cloudy
01-04-2024,11,Food Stall,Cendol,Dinner,"rice flour jelly, coconut milk, palm sugar, red beans",2,5.1,6.9,192,FALSE,FALSE,Sunny
01-05-2024,23,Fine Dining,Spaghetti Carbonara,Dinner,"spaghetti, eggs, cheese, beef bacon, black pepper",9,51.96,76.18,128,FALSE,FALSE,Cloudy
01-05-2024,28,Fine Dining,Chicken Chop,Dinner,"chicken thigh, black pepper sauce, fries, coleslaw",8,45.43,68.49,40,FALSE,FALSE,Sunny
01-05-2024,36,Food Stall,Tandoori Chicken,Dinner,"chicken, yogurt, tandoori masala, ginger, garlic",7,13.35,24.16,59,FALSE,FALSE,Cloudy
01-05-2024,4,Cafe,Teh Tarik,Dinner,"black tea, condensed milk, evaporated milk",0.9,3.42,3.89,226,FALSE,FALSE,Cloudy
01-05-2024,18,Food Stall,Roti Canai,Dinner,"flour, ghee, egg, water, curry",0.8,2.13,2.34,373,FALSE,FALSE,Sunny
01-05-2024,9,Casual Dining,Teh Tarik,Dinner,"black tea, condensed milk, evaporated milk",0.9,2.41,4.5,535,FALSE,FALSE,Sunny
01-05-2024,21,Casual Dining,Spaghetti Carbonara,Dinner,"spaghetti, eggs, cheese, beef bacon, black pepper",9,23.92,37.16,290,FALSE,FALSE,Sunny
01-05-2024,8,Casual Dining,Cendol,Dinner,"rice flour jelly, coconut milk, palm sugar, red beans",2,6.78,7.14,288,TRUE,FALSE,Rainy
01-05-2024,50,Food Stall,Tandoori Chicken,Dinner,"chicken, yogurt, tandoori masala, ginger, garlic",7,13.97,29.45,0,FALSE,FALSE,Sunny
01-05-2024,37,Food Stall,Char Kway Teow,Dinner,"flat rice noodles, prawns, cockles, bean sprouts, chives, soy sauce",5,11.92,22.36,42,FALSE,FALSE,Sunny
01-05-2024,8,Casual Dining,Spaghetti Carbonara,Dinner,"spaghetti, eggs, cheese, beef bacon, black pepper",9,28.25,60.09,98,FALSE,FALSE,Sunny
01-05-2024,2,Food Stall,Roti Canai,Dinner,"flour, ghee, egg, water, curry",0.8,1.84,2.7,348,FALSE,FALSE,Sunny
01-05-2024,38,Fine Dining,Beef Rendang,Dinner,"beef, coconut milk, galangal, lemongrass, spices, chili",9,44.16,63.52,0,FALSE,FALSE,Sunny
01-06-2024,45,Food Stall,Cendol,Dinner,"rice flour jelly, coconut milk, palm sugar, red beans",2,3.95,3.6,599,TRUE,FALSE,Rainy
01-06-2024,16,Food Stall,Tandoori Chicken,Dinner,"chicken, yogurt, tandoori masala, ginger, garlic",7,13.9,16.05,357,TRUE,FALSE,Sunny
01-06-2024,34,Casual Dining,Cendol,Dinner,"rice flour jelly, coconut milk, palm sugar, red beans",2,6.18,10,144,FALSE,FALSE,Cloudy
01-06-2024,16,Food Stall,Roti Canai,Dinner,"flour, ghee, egg, water, curry",0.8,1.63,2.11,407,FALSE,FALSE,Sunny
01-06-2024,10,Fine Dining,Beef Rendang,Dinner,"beef, coconut milk, galangal, lemongrass, spices, chili",9,42.09,66.97,67,FALSE,FALSE,Sunny
01-06-2024,36,Food Stall,Tandoori Chicken,Dinner,"chicken, yogurt, tandoori masala, ginger, garlic",7,16.28,27.49,133,FALSE,FALSE,Sunny
01-06-2024,12,Cafe,Beef Rendang,Dinner,"beef, coconut milk, galangal, lemongrass, spices, chili",9,34.33,36.17,176,FALSE,FALSE,Cloudy
01-06-2024,32,Fine Dining,Iced Lemon Tea,Dinner,"black tea, lemon, sugar syrup",1.2,4.68,5.14,751,TRUE,FALSE,Rainy
01-06-2024,13,Food Stall,Teh Tarik,Dinner,"black tea, condensed milk, evaporated milk",0.9,1.94,2.87,551,FALSE,FALSE,Sunny
01-07-2024,18,Food Stall,Tandoori Chicken,Dinner,"chicken, yogurt, tandoori masala, ginger, garlic",7,17.59,17.54,300,TRUE,FALSE,Sunny
01-07-2024,48,Casual Dining,Char Kway Teow,Dinner,"flat rice noodles, prawns, cockles, bean sprouts, chives, soy sauce",5,16.03,31.2,100,FALSE,FALSE,Cloudy
01-07-2024,35,Food Stall,Char Kway Teow,Dinner,"flat rice noodles, prawns, cockles, bean sprouts, chives, soy sauce",5,11.01,13.04,252,TRUE,FALSE,Rainy
01-07-2024,35,Food Stall,Char Kway Teow,Dinner,"flat rice noodles, prawns, cockles, bean sprouts, chives, soy sauce",5,9.37,19.51,165,FALSE,FALSE,Cloudy
01-07-2024,28,Fine Dining,Iced Lemon Tea,Dinner,"black tea, lemon, sugar syrup",1.2,5.38,7.23,301,FALSE,FALSE,Rainy
01-07-2024,49,Kopitiam,Cendol,Dinner,"rice flour jelly, coconut milk, palm sugar, red beans",2,5.63,7.03,148,FALSE,FALSE,Sunny
01-07-2024,7,Casual Dining,Mushroom Soup,Dinner,"mushrooms, cream, onion, garlic, vegetable broth",3.5,9.18,19.85,68,FALSE,FALSE,Cloudy
01-07-2024,36,Food Stall,Roti Canai,Dinner,"flour, ghee, egg, water, curry",0.8,1.84,2.55,265,FALSE,FALSE,Rainy
01-08-2024,5,Cafe,Teh Tarik,Dinner,"black tea, condensed milk, evaporated milk",0.9,2.52,4.03,376,FALSE,FALSE,Rainy
01-08-2024,27,Food Stall,Roti Canai,Dinner,"flour, ghee, egg, water, curry",0.8,1.47,2.91,85,FALSE,FALSE,Rainy
01-08-2024,21,Casual Dining,Spaghetti Carbonara,Dinner,"spaghetti, eggs, cheese, beef bacon, black pepper",9,26.41,57.55,51,FALSE,FALSE,Cloudy
01-08-2024,29,Food Stall,Cendol,Dinner,"rice flour jelly, coconut milk, palm sugar, red beans",2,4.77,6.93,288,FALSE,FALSE,Sunny
01-08-2024,48,Casual Dining,Cendol,Dinner,"rice flour jelly, coconut milk, palm sugar, red beans",2,6.13,7.08,240,TRUE,FALSE,Cloudy
01-08-2024,7,Casual Dining,Teh Tarik,Dinner,"black tea, condensed milk, evaporated milk",0.9,2.32,3.79,321,FALSE,FALSE,Cloudy
01-08-2024,22,Food Stall,Tandoori Chicken,Dinner,"chicken, yogurt, tandoori masala, ginger, garlic",7,17.82,13.65,207,TRUE,FALSE,Sunny
01-08-2024,32,Fine Dining,Chicken Chop,Dinner,"chicken thigh, black pepper sauce, fries, coleslaw",8,41.78,62.74,156,FALSE,FALSE,Cloudy
