gowtham.csv
date,date,date,date,meal_type,key_ingredients_tags,typical_ingredient_cost,observed_market_price,actual_selling_price,quantity_sold,has_promotion,special_event,weather_condition
01-08-2024,22,Food Stall,Tandoori Chicken,Dinner,"chicken, yogurt, tandoori masala, ginger, garlic",7,13.59,24.86,0,FALSE,FALSE,Sunny
01-08-2024,16,Food Stall,Tandoori Chicken,Dinner,"chicken, yogurt, tandoori masala, ginger, garlic",7,14.49,25.2,0,FALSE,FALSE,Sunny
01-08-2024,22,Food Stall,Tandoori Chicken,Dinner,"chicken, yogurt, tandoori masala, ginger, garlic",7,16.96,30.75,0,FALSE,FALSE,Sunny
01-09-2024,45,Food Stall,Cendol,Dinner,"rice flour jelly, coconut milk, palm sugar, red beans",2,4.97,8,203,FALSE,FALSE,Sunny
01-09-2024,9,Casual Dining,Mushroom Soup,Dinner,"mushrooms, cream, onion, garlic, vegetable broth",3.5,10.14,19.12,198,FALSE,FALSE,Rainy
01-09-2024,6,Fine Dining,Mushroom Soup,Dinner,"mushrooms, cream, onion, garlic, vegetable broth",3.5,14.08,27.87,0,FALSE,FALSE,Sunny
01-09-2024,38,Fine Dining,Spaghetti Carbonara,Dinner,"spaghetti, eggs, cheese, beef bacon, black pepper",9,41.74,72.89,75,FALSE,FALSE,Rainy
01-09-2024,9,Casual Dining,Teh Tarik,Dinner,"black tea, condensed milk, evaporated milk",0.9,2.5,4.99,195,FALSE,FALSE,Rainy
01-10-2024,15,Food Stall,Beef Rendang,Dinner,"beef, coconut milk, galangal, lemongrass, spices, chili",9,19.56,41.29,96,FALSE,FALSE,Sunny
01-10-2024,16,Food Stall,Tandoori Chicken,Dinner,"chicken, yogurt, tandoori masala, ginger, garlic",7,16.47,31.45,0,FALSE,FALSE,Cloudy
01-10-2024,25,Fine Dining,Beef Rendang,Dinner,"beef, coconut milk, galangal, lemongrass, spices, chili",9,51.98,74.52,0,FALSE,FALSE,Rainy
01-10-2024,6,Fine Dining,Chicken Chop,Dinner,"chicken thigh, black pepper sauce, fries, coleslaw",8,44.21,45.12,193,TRUE,FALSE,Cloudy
01-10-2024,33,Cafe,Mushroom Soup,Dinner,"mushrooms, cream, onion, garlic, vegetable broth",3.5,10.59,16.24,0,FALSE,TRUE,Sunny
01-10-2024,9,Casual Dining,Chicken Chop,Dinner,"chicken thigh, black pepper sauce, fries, coleslaw",8,22.28,33.33,248,FALSE,FALSE,Cloudy
01-10-2024,36,Food Stall,Tandoori Chicken,Dinner,"chicken, yogurt, tandoori masala, ginger, garlic",7,16.61,29.6,0,FALSE,FALSE,Cloudy
01-10-2024,18,Food Stall,Roti Canai,Dinner,"flour, ghee, egg, water, curry",0.8,1.59,2.8,353,FALSE,FALSE,Cloudy
01-10-2024,6,Fine Dining,Iced Lemon Tea,Dinner,"black tea, lemon, sugar syrup",1.2,4.97,8.95,174,FALSE,FALSE,Sunny
01-11-2024,41,Cafe,Mushroom Soup,Dinner,"mushrooms, cream, onion, garlic, vegetable broth",3.5,11.24,13.02,140,TRUE,FALSE,Rainy
01-11-2024,37,Food Stall,Chicken Rice,Dinner,"chicken, rice, ginger, garlic, chili sauce, cucumber",4,7.68,15.27,22,FALSE,FALSE,Sunny
01-11-2024,39,Casual Dining,Iced Lemon Tea,Dinner,"black tea, lemon, sugar syrup",1.2,3.77,5.8,315,FALSE,FALSE,Sunny
01-11-2024,26,Food Stall,Teh Tarik,Dinner,"black tea, condensed milk, evaporated milk",0.9,1.63,2.76,398,FALSE,FALSE,Sunny
01-11-2024,31,Food Stall,Teh Tarik,Dinner,"black tea, condensed milk, evaporated milk",0.9,2.14,3.12,312,FALSE,FALSE,Cloudy
01-11-2024,16,Food Stall,Roti Canai,Dinner,"flour, ghee, egg, water, curry",0.8,1.61,1.62,701,TRUE,FALSE,Sunny
01-11-2024,3,Cafe,Beef Rendang,Dinner,"beef, coconut milk, galangal, lemongrass, spices, chili",9,27.23,51.9,75,FALSE,FALSE,Rainy
01-11-2024,9,Casual Dining,Beef Rendang,Dinner,"beef, coconut milk, galangal, lemongrass, spices, chili",9,26.74,52.11,0,FALSE,FALSE,Sunny
01-11-2024,22,Food Stall,Roti Canai,Dinner,"flour, ghee, egg, water, curry",0.8,1.89,3.09,144,FALSE,FALSE,Cloudy
01-11-2024,2,Food Stall,Tandoori Chicken,Dinner,"chicken, yogurt, tandoori masala, ginger, garlic",7,14.61,25.71,178,FALSE,FALSE,Rainy
01-11-2024,37,Food Stall,Cendol,Dinner,"rice flour jelly, coconut milk, palm sugar, red beans",2,4.36,6.75,251,FALSE,FALSE,Sunny
01-12-2024,12,Cafe,Teh Tarik,Dinner,"black tea, condensed milk, evaporated milk",0.9,3.08,3.61,354,FALSE,FALSE,Cloudy
01-12-2024,43,Casual Dining,Beef Rendang,Dinner,"beef, coconut milk, galangal, lemongrass, spices, chili",9,28.58,54.48,0,FALSE,FALSE,Sunny
01-12-2024,1,Food Stall,Beef Rendang,Dinner,"beef, coconut milk, galangal, lemongrass, spices, chili",9,21.35,29.47,211,FALSE,FALSE,Sunny
01-12-2024,35,Food Stall,Chicken Rice,Dinner,"chicken, rice, ginger, garlic, chili sauce, cucumber",4,9.55,12.84,192,FALSE,FALSE,Cloudy
01-12-2024,33,Cafe,Chicken Chop,Dinner,"chicken thigh, black pepper sauce, fries, coleslaw",8,27.14,42.37,65,FALSE,FALSE,Rainy
01-12-2024,10,Fine Dining,Chicken Chop,Dinner,"chicken thigh, black pepper sauce, fries, coleslaw",8,38.01,59.99,84,FALSE,FALSE,Sunny
01-12-2024,35,Food Stall,Chicken Rice,Dinner,"chicken, rice, ginger, garlic, chili sauce, cucumber",4,9.12,14.81,110,FALSE,FALSE,Sunny
01-12-2024,32,Fine Dining,Spaghetti Carbonara,Dinner,"spaghetti, eggs, cheese, beef bacon, black pepper",9,45.42,72.92,0,FALSE,FALSE,Cloudy
1/13/2024,30,Cafe,Chicken Chop,Dinner,"chicken thigh, black pepper sauce, fries, coleslaw",8,27.41,33.26,170,FALSE,FALSE,Cloudy
1/13/2024,15,Food Stall,Teh Tarik,Dinner,"black tea, condensed milk, evaporated milk",0.9,1.86,2.5,655,FALSE,FALSE,Sunny
1/13/2024,50,Food Stall,Tandoori Chicken,Dinner,"chicken, yogurt, tandoori masala, ginger, garlic",7,18.72,23.06,236,FALSE,FALSE,Sunny
1/13/2024,15,Food Stall,Beef Rendang,Dinner,"beef, coconut milk, galangal, lemongrass, spices, chili",9,18.94,27.84,269,FALSE,FALSE,Sunny
1/13/2024,16,Food Stall,Roti Canai,Dinner,"flour, ghee, egg, water, curry",0.8,1.66,2.06,470,FALSE,FALSE,Cloudy
1/13/2024,35,Food Stall,Cendol,Dinner,"rice flour jelly, coconut milk, palm sugar, red beans",2,4.22,6.84,240,FALSE,FALSE,Sunny
1/13/2024,9,Casual Dining,Spaghetti Carbonara,Dinner,"spaghetti, eggs, cheese, beef bacon, black pepper",9,26.89,28.02,273,TRUE,FALSE,Cloudy
1/14/2024,4,Cafe,Beef Rendang,Dinner,"beef, coconut milk, galangal, lemongrass, spices, chili",9,27.29,47.04,83,FALSE,FALSE,Sunny
1/14/2024,31,Food Stall,Teh Tarik,Dinner,"black tea, condensed milk, evaporated milk",0.9,2.14,2.85,675,FALSE,FALSE,Sunny
1/14/2024,16,Food Stall,Tandoori Chicken,Dinner,"chicken, yogurt, tandoori masala, ginger, garlic",7,13.9,24.32,149,FALSE,FALSE,Sunny
1/14/2024,41,Cafe,Teh Tarik,Dinner,"black tea, condensed milk, evaporated milk",0.9,3.22,3.78,465,FALSE,FALSE,Rainy
1/14/2024,8,Casual Dining,Mushroom Soup,Dinner,"mushrooms, cream, onion, garlic, vegetable broth",3.5,9.05,19.38,0,FALSE,FALSE,Cloudy
1/14/2024,43,Casual Dining,Iced Lemon Tea,Dinner,"black tea, lemon, sugar syrup",1.2,3.38,4.88,444,FALSE,FALSE,Sunny
1/14/2024,7,Casual Dining,Chicken Chop,Dinner,"chicken thigh, black pepper sauce, fries, coleslaw",8,22.55,43.34,134,FALSE,FALSE,Sunny
1/14/2024,6,Fine Dining,Iced Lemon Tea,Dinner,"black tea, lemon, sugar syrup",1.2,5.16,6.62,292,FALSE,FALSE,Sunny
1/14/2024,34,Casual Dining,Chicken Rice,Dinner,"chicken, rice, ginger, garlic, chili sauce, cucumber",4,12.64,20.69,239,FALSE,FALSE,Sunny
1/14/2024,8,Casual Dining,Iced Lemon Tea,Dinner,"black tea, lemon, sugar syrup",1.2,3.03,5.5,322,FALSE,FALSE,Sunny
1/14/2024,30,Cafe,Mushroom Soup,Dinner,"mushrooms, cream, onion, garlic, vegetable broth",3.5,11.56,18.42,0,FALSE,FALSE,Sunny
1/14/2024,24,Casual Dining,Chicken Rice,Dinner,"chicken, rice, ginger, garlic, chili sauce, cucumber",4,12.85,10.87,349,TRUE,FALSE,Sunny
1/14/2024,25,Fine Dining,Spaghetti Carbonara,Dinner,"spaghetti, eggs, cheese, beef bacon, black pepper",9,43.69,61.38,289,FALSE,TRUE,Sunny
1/14/2024,34,Casual Dining,Cendol,Dinner,"rice flour jelly, coconut milk, palm sugar, red beans",2,5.22,6.88,494,TRUE,FALSE,Sunny
1/15/2024,3,Cafe,Teh Tarik,Dinner,"black tea, condensed milk, evaporated milk",0.9,2.86,3.42,662,FALSE,FALSE,Sunny
1/15/2024,42,Fine Dining,Spaghetti Carbonara,Dinner,"spaghetti, eggs, cheese, beef bacon, black pepper",9,51.41,66.97,190,FALSE,FALSE,Cloudy
1/15/2024,39,Casual Dining,Mushroom Soup,Dinner,"mushrooms, cream, onion, garlic, vegetable broth",3.5,9.1,22.44,108,FALSE,TRUE,Rainy
1/15/2024,43,Casual Dining,Chicken Chop,Dinner,"chicken thigh, black pepper sauce, fries, coleslaw",8,28.23,44.73,207,FALSE,TRUE,Sunny
1/15/2024,17,Food Stall,Teh Tarik,Dinner,"black tea, condensed milk, evaporated milk",0.9,1.91,1.56,1079,TRUE,FALSE,Cloudy
1/15/2024,35,Food Stall,Char Kway Teow,Dinner,"flat rice noodles, prawns, cockles, bean sprouts, chives, soy sauce",5,10.55,14.24,362,FALSE,FALSE,Cloudy
1/15/2024,42,Fine Dining,Iced Lemon Tea,Dinner,"black tea, lemon, sugar syrup",1.2,6.44,7.24,331,FALSE,FALSE,Cloudy
1/15/2024,46,Casual Dining,Iced Lemon Tea,Dinner,"black tea, lemon, sugar syrup",1.2,3.78,4.98,340,FALSE,FALSE,Cloudy
1/15/2024,48,Casual Dining,Cendol,Dinner,"rice flour jelly, coconut milk, palm sugar, red beans",2,6.36,9.76,299,FALSE,FALSE,Sunny
1/15/2024,40,Food Stall,Cendol,Dinner,"rice flour jelly, coconut milk, palm sugar, red beans",2,4.27,5.67,350,FALSE,FALSE,Sunny
1/15/2024,27,Food Stall,Tandoori Chicken,Dinner,"chicken, yogurt, tandoori masala, ginger, garlic",7,14.82,23.43,178,FALSE,FALSE,Sunny
1/16/2024,1,Food Stall,Beef Rendang,Dinner,"beef, coconut milk, galangal, lemongrass, spices, chili",9,19.79,32.82,181,FALSE,FALSE,Sunny
1/16/2024,2,Food Stall,Roti Canai,Dinner,"flour, ghee, egg, water, curry",0.8,1.48,2.85,159,FALSE,FALSE,Sunny
1/16/2024,9,Casual Dining,Chicken Chop,Dinner,"chicken thigh, black pepper sauce, fries, coleslaw",8,25.5,46.17,145,FALSE,TRUE,Cloudy
1/16/2024,46,Casual Dining,Spaghetti Carbonara,Dinner,"spaghetti, eggs, cheese, beef bacon, black pepper",9,23.74,49.3,192,FALSE,FALSE,Sunny
1/16/2024,36,Food Stall,Tandoori Chicken,Dinner,"chicken, yogurt, tandoori masala, ginger, garlic",7,16.03,21.35,187,FALSE,FALSE,Rainy
1/16/2024,30,Cafe,Teh Tarik,Dinner,"black tea, condensed milk, evaporated milk",0.9,2.84,3.62,185,FALSE,FALSE,Cloudy
1/16/2024,2,Food Stall,Tandoori Chicken,Dinner,"chicken, yogurt, tandoori masala, ginger, garlic",7,16.44,32.02,0,FALSE,FALSE,Rainy
1/16/2024,41,Cafe,Teh Tarik,Dinner,"black tea, condensed milk, evaporated milk",0.9,2.72,3.34,377,FALSE,FALSE,Sunny
1/16/2024,5,Cafe,Chicken Chop,Dinner,"chicken thigh, black pepper sauce, fries, coleslaw",8,28.82,26.13,209,TRUE,FALSE,Rainy
1/16/2024,13,Food Stall,Beef Rendang,Dinner,"beef, coconut milk, galangal, lemongrass, spices, chili",9,16.57,31.23,178,FALSE,FALSE,Cloudy
1/16/2024,21,Casual Dining,Chicken Chop,Dinner,"chicken thigh, black pepper sauce, fries, coleslaw",8,19.43,40.86,281,FALSE,FALSE,Cloudy
1/16/2024,16,Food Stall,Tandoori Chicken,Dinner,"chicken, yogurt, tandoori masala, ginger, garlic",7,14.49,26.75,181,FALSE,FALSE,Rainy
1/16/2024,12,Cafe,Spaghetti Carbonara,Dinner,"spaghetti, eggs, cheese, beef bacon, black pepper",9,32.84,40.52,44,FALSE,FALSE,Cloudy
1/16/2024,20,Casual Dining,Beef Rendang,Dinner,"beef, coconut milk, galangal, lemongrass, spices, chili",9,26.83,41.07,189,FALSE,FALSE,Cloudy
1/16/2024,5,Cafe,Teh Tarik,Dinner,"black tea, condensed milk, evaporated milk",0.9,3.19,3.93,461,FALSE,FALSE,Cloudy
1/16/2024,21,Casual Dining,Cendol,Dinner,"rice flour jelly, coconut milk, palm sugar, red beans",2,5.08,11.51,218,FALSE,FALSE,Sunny
1/16/2024,45,Food Stall,Char Kway Teow,Dinner,"flat rice noodles, prawns, cockles, bean sprouts, chives, soy sauce",5,9.93,18.71,100,FALSE,FALSE,Sunny
1/17/2024,47,Food Stall,Teh Tarik,Dinner,"black tea, condensed milk, evaporated milk",0.9,2.12,3.02,286,FALSE,FALSE,Sunny
1/17/2024,49,Kopitiam,Cendol,Dinner,"rice flour jelly, coconut milk, palm sugar, red beans",2,5.08,6.81,135,FALSE,FALSE,Cloudy
1/17/2024,13,Food Stall,Cendol,Dinner,"rice flour jelly, coconut milk, palm sugar, red beans",2,5.1,7.91,91,FALSE,FALSE,Cloudy
1/17/2024,32,Fine Dining,Spaghetti Carbonara,Dinner,"spaghetti, eggs, cheese, beef bacon, black pepper",9,37.81,64.99,0,FALSE,FALSE,Sunny
1/17/2024,6,Fine Dining,Spaghetti Carbonara,Dinner,"spaghetti, eggs, cheese, beef bacon, black pepper",9,35.13,81.9,0,FALSE,FALSE,Sunny
1/17/2024,43,Casual Dining,Teh Tarik,Dinner,"black tea, condensed milk, evaporated milk",0.9,3.05,4.33,274,FALSE,FALSE,Sunny
1/17/2024,19,Casual Dining,Chicken Rice,Dinner,"chicken, rice, ginger, garlic, chili sauce, cucumber",4,12.77,20.73,351,FALSE,FALSE,Sunny
1/17/2024,28,Fine Dining,Spaghetti Carbonara,Dinner,"spaghetti, eggs, cheese, beef bacon, black pepper",9,46.52,49.52,191,TRUE,TRUE,Cloudy
1/17/2024,45,Food Stall,Cendol,Dinner,"rice flour jelly, coconut milk, palm sugar, red beans",2,4.25,6.86,252,FALSE,FALSE,Sunny
1/17/2024,27,Food Stall,Tandoori Chicken,Dinner,"chicken, yogurt, tandoori masala, ginger, garlic",7,17.03,24.33,0,FALSE,FALSE,Cloudy
1/17/2024,18,Food Stall,Roti Canai,Dinner,"flour, ghee, egg, water, curry",0.8,2.01,3.16,224,FALSE,FALSE,Sunny
1/18/2024,20,Casual Dining,Cendol,Dinner,"rice flour jelly, coconut milk, palm sugar, red beans",2,6.84,9.2,287,FALSE,FALSE,Cloudy
1/18/2024,33,Cafe,Mushroom Soup,Dinner,"mushrooms, cream, onion, garlic, vegetable broth",3.5,12,11.89,239,TRUE,FALSE,Sunny
1/18/2024,48,Casual Dining,Teh Tarik,Dinner,"black tea, condensed milk, evaporated milk",0.9,2.4,3.67,280,FALSE,FALSE,Sunny
1/18/2024,24,Casual Dining,Cendol,Dinner,"rice flour jelly, coconut milk, palm sugar, red beans",2,6.44,11.7,233,FALSE,FALSE,Cloudy
1/18/2024,34,Casual Dining,Cendol,Dinner,"rice flour jelly, coconut milk, palm sugar, red beans",2,5.4,10.3,252,FALSE,FALSE,Cloudy
1/18/2024,7,Casual Dining,Chicken Chop,Dinner,"chicken thigh, black pepper sauce, fries, coleslaw",8,25.28,48.86,0,FALSE,FALSE,Cloudy
1/18/2024,23,Fine Dining,Beef Rendang,Dinner,"beef, coconut milk, galangal, lemongrass, spices, chili",9,52.26,66.79,78,FALSE,FALSE,Sunny
1/18/2024,18,Food Stall,Roti Canai,Dinner,"flour, ghee, egg, water, curry",0.8,1.59,2.83,126,FALSE,FALSE,Sunny
1/18/2024,27,Food Stall,Tandoori Chicken,Dinner,"chicken, yogurt, tandoori masala, ginger, garlic",7,15.78,24.98,100,FALSE,FALSE,Rainy
1/18/2024,7,Casual Dining,Spaghetti Carbonara,Dinner,"spaghetti, eggs, cheese, beef bacon, black pepper",9,23.31,51.77,52,FALSE,TRUE,Rainy
1/18/2024,41,Cafe,Spaghetti Carbonara,Dinner,"spaghetti, eggs, cheese, beef bacon, black pepper",9,33.43,46.98,202,FALSE,FALSE,Cloudy
1/18/2024,22,Food Stall,Tandoori Chicken,Dinner,"chicken, yogurt, tandoori masala, ginger, garlic",7,15.03,24.22,81,TRUE,FALSE,Sunny
1/19/2024,23,Fine Dining,Mushroom Soup,Dinner,"mushrooms, cream, onion, garlic, vegetable broth",3.5,15.24,17.76,278,TRUE,FALSE,Sunny
1/19/2024,41,Cafe,Iced Lemon Tea,Dinner,"black tea, lemon, sugar syrup",1.2,3.53,4.44,565,TRUE,TRUE,Cloudy
1/19/2024,35,Food Stall,Chicken Rice,Dinner,"chicken, rice, ginger, garlic, chili sauce, cucumber",4,8.32,14.4,111,FALSE,FALSE,Rainy
1/19/2024,29,Food Stall,Char Kway Teow,Dinner,"flat rice noodles, prawns, cockles, bean sprouts, chives, soy sauce",5,9.94,22.96,103,FALSE,FALSE,Cloudy
1/19/2024,22,Food Stall,Roti Canai,Dinner,"flour, ghee, egg, water, curry",0.8,1.81,1.77,438,TRUE,FALSE,Sunny
1/19/2024,4,Cafe,Spaghetti Carbonara,Dinner,"spaghetti, eggs, cheese, beef bacon, black pepper",9,34.48,45.92,99,FALSE,FALSE,Cloudy
1/19/2024,44,Food Stall,Teh Tarik,Dinner,"black tea, condensed milk, evaporated milk",0.9,2.02,2.52,321,FALSE,FALSE,Sunny
1/19/2024,46,Casual Dining,Spaghetti Carbonara,Dinner,"spaghetti, eggs, cheese, beef bacon, black pepper",9,23.09,30.86,259,TRUE,FALSE,Rainy
1/20/2024,25,Fine Dining,Mushroom Soup,Dinner,"mushrooms, cream, onion, garlic, vegetable broth",3.5,17.64,24.45,243,FALSE,FALSE,Sunny
1/20/2024,18,Food Stall,Roti Canai,Dinner,"flour, ghee, egg, water, curry",0.8,1.96,2.45,407,FALSE,FALSE,Sunny
