gowtham.csv
date,date,date,date,meal_type,key_ingredients_tags,typical_ingredient_cost,observed_market_price,actual_selling_price,quantity_sold,has_promotion,special_event,weather_condition
01-01-2024,1,Food Stall,Kaya Toast Set,Breakfast,"white bread, kaya, butter, soft-boiled eggs",2.8,5.1,9.71,347,FALSE,FALSE,Rainy
01-01-2024,30,Cafe,Iced Lemon Tea,Breakfast,"black tea, lemon, sugar syrup",1.2,4.67,3.45,649,TRUE,FALSE,Sunny
01-01-2024,40,Food Stall,Kaya Toast Set,Breakfast,"white bread, kaya, butter, soft-boiled eggs",2.8,5.44,8.18,625,FALSE,FALSE,Sunny
01-01-2024,28,Fine Dining,Nasi Lemak,Breakfast,"rice, coconut milk, sambal, anchovies, egg, peanuts",2.5,11.92,16.75,315,FALSE,FALSE,Sunny
01-01-2024,49,Kopitiam,Kaya Toast Set,Breakfast,"white bread, kaya, butter, soft-boiled eggs",2.8,7.38,8.2,651,FALSE,FALSE,Rainy
01-02-2024,19,Casual Dining,Kaya Toast Set,Breakfast,"white bread, kaya, butter, soft-boiled eggs",2.8,7.63,11.9,294,FALSE,FALSE,Sunny
01-02-2024,44,Food Stall,Kaya Toast Set,Breakfast,"white bread, kaya, butter, soft-boiled eggs",2.8,5.7,9.24,356,FALSE,FALSE,Rainy
01-02-2024,19,Casual Dining,Kaya Toast Set,Breakfast,"white bread, kaya, butter, soft-boiled eggs",2.8,9.51,12.94,389,FALSE,FALSE,Cloudy
01-02-2024,14,Food Stall,Kaya Toast Set,Breakfast,"white bread, kaya, butter, soft-boiled eggs",2.8,6.57,9.57,416,FALSE,FALSE,Cloudy
01-02-2024,13,Food Stall,Nasi Lemak,Breakfast,"rice, coconut milk, sambal, anchovies, egg, peanuts",2.5,6.1,8.55,259,FALSE,FALSE,Cloudy
01-03-2024,50,Food Stall,Roti Canai,Breakfast,"flour, ghee, egg, water, curry",0.8,1.74,2.92,239,FALSE,FALSE,Sunny
01-03-2024,28,Fine Dining,Nasi Lemak,Breakfast,"rice, coconut milk, sambal, anchovies, egg, peanuts",2.5,12.98,12.19,503,TRUE,FALSE,Sunny
01-03-2024,8,Casual Dining,Kaya Toast Set,Breakfast,"white bread, kaya, butter, soft-boiled eggs",2.8,8.49,15.34,232,FALSE,FALSE,Rainy
01-04-2024,2,Food Stall,Roti Canai,Breakfast,"flour, ghee, egg, water, curry",0.8,1.95,2.21,435,FALSE,FALSE,Cloudy
01-04-2024,39,Casual Dining,Kaya Toast Set,Breakfast,"white bread, kaya, butter, soft-boiled eggs",2.8,8.14,11.21,619,TRUE,FALSE,Sunny
01-04-2024,10,Fine Dining,Iced Lemon Tea,Breakfast,"black tea, lemon, sugar syrup",1.2,6.84,8.44,141,FALSE,FALSE,Cloudy
01-04-2024,44,Food Stall,Teh Tarik,Breakfast,"black tea, condensed milk, evaporated milk",0.9,1.87,2.81,497,FALSE,FALSE,Sunny
01-04-2024,48,Casual Dining,Kaya Toast Set,Breakfast,"white bread, kaya, butter, soft-boiled eggs",2.8,9.42,14.13,338,FALSE,FALSE,Sunny
01-05-2024,5,Cafe,Iced Lemon Tea,Breakfast,"black tea, lemon, sugar syrup",1.2,3.59,4.29,340,FALSE,FALSE,Cloudy
01-05-2024,1,Food Stall,Kaya Toast Set,Breakfast,"white bread, kaya, butter, soft-boiled eggs",2.8,6.02,6.6,726,TRUE,FALSE,Cloudy
01-05-2024,12,Cafe,Kaya Toast Set,Breakfast,"white bread, kaya, butter, soft-boiled eggs",2.8,8.51,12.26,229,FALSE,FALSE,Rainy
01-05-2024,3,Cafe,Kaya Toast Set,Breakfast,"white bread, kaya, butter, soft-boiled eggs",2.8,11.24,9.99,430,FALSE,FALSE,Sunny
01-05-2024,37,Food Stall,Teh Tarik,Breakfast,"black tea, condensed milk, evaporated milk",0.9,1.78,3.16,309,FALSE,FALSE,Rainy
01-05-2024,13,Food Stall,Kaya Toast Set,Breakfast,"white bread, kaya, butter, soft-boiled eggs",2.8,7.08,9.9,280,FALSE,FALSE,Cloudy
01-05-2024,12,Cafe,Kaya Toast Set,Breakfast,"white bread, kaya, butter, soft-boiled eggs",2.8,8.65,11.69,268,FALSE,FALSE,Sunny
01-06-2024,37,Food Stall,Teh Tarik,Breakfast,"black tea, condensed milk, evaporated milk",0.9,1.95,2.57,896,FALSE,FALSE,Sunny
01-06-2024,10,Fine Dining,Nasi Lemak,Breakfast,"rice, coconut milk, sambal, anchovies, egg, peanuts",2.5,14.93,14.41,407,FALSE,FALSE,Rainy
01-06-2024,19,Casual Dining,Teh Tarik,Breakfast,"black tea, condensed milk, evaporated milk",0.9,2.95,4.54,836,FALSE,FALSE,Sunny
01-06-2024,45,Food Stall,Kaya Toast Set,Breakfast,"white bread, kaya, butter, soft-boiled eggs",2.8,5.3,8.18,531,FALSE,FALSE,Sunny
01-06-2024,29,Food Stall,Kaya Toast Set,Breakfast,"white bread, kaya, butter, soft-boiled eggs",2.8,5.03,4.94,799,TRUE,FALSE,Sunny
01-06-2024,4,Cafe,Kaya Toast Set,Breakfast,"white bread, kaya, butter, soft-boiled eggs",2.8,11.07,9.61,526,FALSE,FALSE,Sunny
01-06-2024,50,Food Stall,Roti Canai,Breakfast,"flour, ghee, egg, water, curry",0.8,1.59,2.35,610,FALSE,FALSE,Sunny
01-07-2024,14,Food Stall,Kaya Toast Set,Breakfast,"white bread, kaya, butter, soft-boiled eggs",2.8,6.61,6.03,762,TRUE,TRUE,Rainy
01-07-2024,28,Fine Dining,Iced Lemon Tea,Breakfast,"black tea, lemon, sugar syrup",1.2,5.82,7.26,617,FALSE,FALSE,Sunny
01-07-2024,16,Food Stall,Roti Canai,Breakfast,"flour, ghee, egg, water, curry",0.8,1.55,2.14,601,FALSE,FALSE,Sunny
01-07-2024,35,Food Stall,Teh Tarik,Breakfast,"black tea, condensed milk, evaporated milk",0.9,1.83,2.78,743,FALSE,FALSE,Cloudy
01-07-2024,13,Food Stall,Kaya Toast Set,Breakfast,"white bread, kaya, butter, soft-boiled eggs",2.8,6.35,8.03,418,FALSE,FALSE,Rainy
01-07-2024,15,Food Stall,Kaya Toast Set,Breakfast,"white bread, kaya, butter, soft-boiled eggs",2.8,5.89,9.21,500,FALSE,FALSE,Sunny
01-07-2024,16,Food Stall,Roti Canai,Breakfast,"flour, ghee, egg, water, curry",0.8,1.73,2.62,472,FALSE,FALSE,Sunny
01-07-2024,33,Cafe,Kaya Toast Set,Breakfast,"white bread, kaya, butter, soft-boiled eggs",2.8,7.96,10.17,431,FALSE,TRUE,Sunny
01-07-2024,12,Cafe,Nasi Lemak,Breakfast,"rice, coconut milk, sambal, anchovies, egg, peanuts",2.5,10.52,10.08,468,FALSE,FALSE,Sunny
01-08-2024,35,Food Stall,Teh Tarik,Breakfast,"black tea, condensed milk, evaporated milk",0.9,2,2.24,1545,TRUE,FALSE,Sunny
01-08-2024,49,Kopitiam,Kaya Toast Set,Breakfast,"white bread, kaya, butter, soft-boiled eggs",2.8,8.01,10.31,481,FALSE,FALSE,Sunny
01-08-2024,46,Casual Dining,Kaya Toast Set,Breakfast,"white bread, kaya, butter, soft-boiled eggs",2.8,9.65,9.91,518,TRUE,FALSE,Sunny
01-08-2024,9,Casual Dining,Kaya Toast Set,Breakfast,"white bread, kaya, butter, soft-boiled eggs",2.8,8.99,12.59,437,FALSE,FALSE,Sunny
01-08-2024,22,Food Stall,Roti Canai,Breakfast,"flour, ghee, egg, water, curry",0.8,2.02,2.35,564,FALSE,FALSE,Cloudy
01-08-2024,43,Casual Dining,Kaya Toast Set,Breakfast,"white bread, kaya, butter, soft-boiled eggs",2.8,9.39,13.28,367,FALSE,FALSE,Sunny
01-09-2024,46,Casual Dining,Iced Lemon Tea,Breakfast,"black tea, lemon, sugar syrup",1.2,3.1,6.35,390,FALSE,FALSE,Rainy
01-09-2024,47,Food Stall,Kaya Toast Set,Breakfast,"white bread, kaya, butter, soft-boiled eggs",2.8,6.36,5.02,553,TRUE,FALSE,Sunny
01-09-2024,49,Kopitiam,Kaya Toast Set,Breakfast,"white bread, kaya, butter, soft-boiled eggs",2.8,6.79,8.27,449,FALSE,FALSE,Sunny
01-10-2024,26,Food Stall,Kaya Toast Set,Breakfast,"white bread, kaya, butter, soft-boiled eggs",2.8,5.44,7.82,256,FALSE,FALSE,Cloudy
01-10-2024,42,Fine Dining,Nasi Lemak,Breakfast,"rice, coconut milk, sambal, anchovies, egg, peanuts",2.5,13.51,19.3,149,FALSE,FALSE,Rainy
01-10-2024,3,Cafe,Kaya Toast Set,Breakfast,"white bread, kaya, butter, soft-boiled eggs",2.8,9.91,12.56,347,FALSE,FALSE,Sunny
01-10-2024,34,Casual Dining,Teh Tarik,Breakfast,"black tea, condensed milk, evaporated milk",0.9,3.04,3.78,808,FALSE,TRUE,Cloudy
01-10-2024,35,Food Stall,Kaya Toast Set,Breakfast,"white bread, kaya, butter, soft-boiled eggs",2.8,6.68,7.91,397,FALSE,FALSE,Sunny
01-10-2024,13,Food Stall,Kaya Toast Set,Breakfast,"white bread, kaya, butter, soft-boiled eggs",2.8,6.36,8.85,326,FALSE,FALSE,Sunny
01-10-2024,35,Food Stall,Teh Tarik,Breakfast,"black tea, condensed milk, evaporated milk",0.9,1.91,2.28,1224,TRUE,TRUE,Cloudy
01-10-2024,8,Casual Dining,Teh Tarik,Breakfast,"black tea, condensed milk, evaporated milk",0.9,2.99,3.88,564,FALSE,FALSE,Sunny
01-10-2024,37,Food Stall,Kaya Toast Set,Breakfast,"white bread, kaya, butter, soft-boiled eggs",2.8,6.19,6.42,667,TRUE,FALSE,Cloudy
01-11-2024,47,Food Stall,Teh Tarik,Breakfast,"black tea, condensed milk, evaporated milk",0.9,2.54,2.46,461,FALSE,FALSE,Cloudy
01-11-2024,22,Food Stall,Roti Canai,Breakfast,"flour, ghee, egg, water, curry",0.8,1.64,2.34,311,FALSE,FALSE,Sunny
01-11-2024,33,Cafe,Teh Tarik,Breakfast,"black tea, condensed milk, evaporated milk",0.9,3.18,3.7,475,FALSE,FALSE,Sunny
01-11-2024,14,Food Stall,Nasi Lemak,Breakfast,"rice, coconut milk, sambal, anchovies, egg, peanuts",2.5,5.02,6.71,285,FALSE,FALSE,Sunny
01-11-2024,24,Casual Dining,Teh Tarik,Breakfast,"black tea, condensed milk, evaporated milk",0.9,3.14,4,688,FALSE,FALSE,Sunny
01-11-2024,5,Cafe,Teh Tarik,Breakfast,"black tea, condensed milk, evaporated milk",0.9,3.16,3.44,668,FALSE,FALSE,Cloudy
01-11-2024,47,Food Stall,Teh Tarik,Breakfast,"black tea, condensed milk, evaporated milk",0.9,1.96,2.38,630,FALSE,FALSE,Sunny
01-12-2024,40,Food Stall,Teh Tarik,Breakfast,"black tea, condensed milk, evaporated milk",0.9,1.63,2.45,593,FALSE,FALSE,Sunny
1/13/2024,24,Casual Dining,Kaya Toast Set,Breakfast,"white bread, kaya, butter, soft-boiled eggs",2.8,9.92,12.68,544,FALSE,FALSE,Sunny
1/13/2024,5,Cafe,Kaya Toast Set,Breakfast,"white bread, kaya, butter, soft-boiled eggs",2.8,9.07,9.57,631,FALSE,FALSE,Rainy
1/13/2024,16,Food Stall,Roti Canai,Breakfast,"flour, ghee, egg, water, curry",0.8,1.87,2.73,468,FALSE,FALSE,Cloudy
1/13/2024,24,Casual Dining,Kaya Toast Set,Breakfast,"white bread, kaya, butter, soft-boiled eggs",2.8,9.73,13.62,426,FALSE,FALSE,Cloudy
1/13/2024,42,Fine Dining,Iced Lemon Tea,Breakfast,"black tea, lemon, sugar syrup",1.2,7.22,4.86,921,TRUE,FALSE,Sunny
1/13/2024,50,Food Stall,Roti Canai,Breakfast,"flour, ghee, egg, water, curry",0.8,1.99,2.67,480,FALSE,FALSE,Rainy
1/14/2024,13,Food Stall,Kaya Toast Set,Breakfast,"white bread, kaya, butter, soft-boiled eggs",2.8,5.09,9.56,456,FALSE,FALSE,Rainy
1/14/2024,49,Kopitiam,Kaya Toast Set,Breakfast,"white bread, kaya, butter, soft-boiled eggs",2.8,6.91,9.01,740,FALSE,TRUE,Cloudy
1/14/2024,49,Kopitiam,Kaya Toast Set,Breakfast,"white bread, kaya, butter, soft-boiled eggs",2.8,6.93,9.55,432,FALSE,FALSE,Rainy
1/14/2024,34,Casual Dining,Teh Tarik,Breakfast,"black tea, condensed milk, evaporated milk",0.9,3.09,4.44,648,FALSE,FALSE,Rainy
1/15/2024,31,Food Stall,Kaya Toast Set,Breakfast,"white bread, kaya, butter, soft-boiled eggs",2.8,6.27,8.22,578,FALSE,FALSE,Cloudy
1/15/2024,13,Food Stall,Kaya Toast Set,Breakfast,"white bread, kaya, butter, soft-boiled eggs",2.8,6.94,9.38,596,FALSE,FALSE,Sunny
1/15/2024,32,Fine Dining,Iced Lemon Tea,Breakfast,"black tea, lemon, sugar syrup",1.2,6.07,8.21,447,FALSE,FALSE,Rainy
1/15/2024,14,Food Stall,Nasi Lemak,Breakfast,"rice, coconut milk, sambal, anchovies, egg, peanuts",2.5,5.82,7.57,570,FALSE,FALSE,Cloudy
1/15/2024,37,Food Stall,Kaya Toast Set,Breakfast,"white bread, kaya, butter, soft-boiled eggs",2.8,5.01,8.85,681,FALSE,FALSE,Sunny
1/15/2024,32,Fine Dining,Iced Lemon Tea,Breakfast,"black tea, lemon, sugar syrup",1.2,5.69,7.53,633,FALSE,TRUE,Cloudy
1/15/2024,1,Food Stall,Kaya Toast Set,Breakfast,"white bread, kaya, butter, soft-boiled eggs",2.8,6.42,5.69,1068,TRUE,FALSE,Sunny
1/15/2024,36,Food Stall,Roti Canai,Breakfast,"flour, ghee, egg, water, curry",0.8,1.95,2.59,600,FALSE,FALSE,Sunny
1/15/2024,18,Food Stall,Roti Canai,Breakfast,"flour, ghee, egg, water, curry",0.8,1.87,2.15,905,FALSE,TRUE,Sunny
1/15/2024,30,Cafe,Kaya Toast Set,Breakfast,"white bread, kaya, butter, soft-boiled eggs",2.8,9.89,12.07,448,FALSE,FALSE,Cloudy
1/15/2024,29,Food Stall,Teh Tarik,Breakfast,"black tea, condensed milk, evaporated milk",0.9,1.92,2.35,820,FALSE,FALSE,Cloudy
1/16/2024,37,Food Stall,Teh Tarik,Breakfast,"black tea, condensed milk, evaporated milk",0.9,1.91,2.05,1091,TRUE,FALSE,Sunny
1/16/2024,37,Food Stall,Kaya Toast Set,Breakfast,"white bread, kaya, butter, soft-boiled eggs",2.8,6.56,10.94,181,FALSE,FALSE,Rainy
1/16/2024,46,Casual Dining,Kaya Toast Set,Breakfast,"white bread, kaya, butter, soft-boiled eggs",2.8,9.64,12.19,369,FALSE,FALSE,Sunny
1/16/2024,47,Food Stall,Kaya Toast Set,Breakfast,"white bread, kaya, butter, soft-boiled eggs",2.8,7.11,5.45,719,TRUE,FALSE,Cloudy
1/16/2024,36,Food Stall,Roti Canai,Breakfast,"flour, ghee, egg, water, curry",0.8,2.09,2.59,576,FALSE,FALSE,Sunny
1/16/2024,16,Food Stall,Roti Canai,Breakfast,"flour, ghee, egg, water, curry",0.8,1.59,2.86,279,FALSE,FALSE,Rainy
1/16/2024,36,Food Stall,Roti Canai,Breakfast,"flour, ghee, egg, water, curry",0.8,1.93,1.76,789,TRUE,FALSE,Cloudy
1/16/2024,18,Food Stall,Roti Canai,Breakfast,"flour, ghee, egg, water, curry",0.8,2.06,2.58,350,FALSE,FALSE,Cloudy
1/16/2024,39,Casual Dining,Teh Tarik,Breakfast,"black tea, condensed milk, evaporated milk",0.9,2.8,4.13,438,FALSE,FALSE,Rainy
1/17/2024,42,Fine Dining,Nasi Lemak,Breakfast,"rice, coconut milk, sambal, anchovies, egg, peanuts",2.5,12.08,14.19,404,FALSE,FALSE,Rainy
1/17/2024,13,Food Stall,Nasi Lemak,Breakfast,"rice, coconut milk, sambal, anchovies, egg, peanuts",2.5,6.1,10.06,190,FALSE,FALSE,Sunny
1/17/2024,38,Fine Dining,Nasi Lemak,Breakfast,"rice, coconut milk, sambal, anchovies, egg, peanuts",2.5,15.06,15.23,161,FALSE,FALSE,Sunny
1/17/2024,27,Food Stall,Roti Canai,Breakfast,"flour, ghee, egg, water, curry",0.8,1.49,2.4,372,FALSE,FALSE,Sunny
1/18/2024,25,Fine Dining,Nasi Lemak,Breakfast,"rice, coconut milk, sambal, anchovies, egg, peanuts",2.5,12.22,10.63,645,TRUE,FALSE,Sunny
1/18/2024,41,Cafe,Teh Tarik,Breakfast,"black tea, condensed milk, evaporated milk",0.9,2.6,2.57,863,TRUE,FALSE,Sunny
1/18/2024,4,Cafe,Nasi Lemak,Breakfast,"rice, coconut milk, sambal, anchovies, egg, peanuts",2.5,10.19,7.31,652,TRUE,FALSE,Sunny
1/18/2024,13,Food Stall,Teh Tarik,Breakfast,"black tea, condensed milk, evaporated milk",0.9,2.13,2.4,883,FALSE,TRUE,Sunny
1/18/2024,7,Casual Dining,Kaya Toast Set,Breakfast,"white bread, kaya, butter, soft-boiled eggs",2.8,7.67,18.82,122,FALSE,FALSE,Sunny
1/18/2024,8,Casual Dining,Kaya Toast Set,Breakfast,"white bread, kaya, butter, soft-boiled eggs",2.8,7.98,14.02,384,FALSE,FALSE,Sunny
1/18/2024,1,Food Stall,Nasi Lemak,Breakfast,"rice, coconut milk, sambal, anchovies, egg, peanuts",2.5,4.42,8.16,263,FALSE,FALSE,Sunny
1/18/2024,34,Casual Dining,Kaya Toast Set,Breakfast,"white bread, kaya, butter, soft-boiled eggs",2.8,9.09,11.59,356,FALSE,FALSE,Cloudy
1/19/2024,39,Casual Dining,Teh Tarik,Breakfast,"black tea, condensed milk, evaporated milk",0.9,2.28,4.44,436,FALSE,FALSE,Rainy
1/19/2024,37,Food Stall,Kaya Toast Set,Breakfast,"white bread, kaya, butter, soft-boiled eggs",2.8,6.9,7.67,362,FALSE,FALSE,Sunny
1/19/2024,28,Fine Dining,Iced Lemon Tea,Breakfast,"black tea, lemon, sugar syrup",1.2,7.09,7.25,214,FALSE,FALSE,Cloudy
1/19/2024,13,Food Stall,Nasi Lemak,Breakfast,"rice, coconut milk, sambal, anchovies, egg, peanuts",2.5,5.07,7.54,419,FALSE,FALSE,Sunny
1/19/2024,36,Food Stall,Roti Canai,Breakfast,"flour, ghee, egg, water, curry",0.8,2.11,2.54,431,FALSE,FALSE,Cloudy
1/19/2024,35,Food Stall,Kaya Toast Set,Breakfast,"white bread, kaya, butter, soft-boiled eggs",2.8,6.42,7.99,324,FALSE,FALSE,Sunny
1/19/2024,28,Fine Dining,Iced Lemon Tea,Breakfast,"black tea, lemon, sugar syrup",1.2,6.15,8.52,336,FALSE,FALSE,Rainy
1/19/2024,9,Casual Dining,Kaya Toast Set,Breakfast,"white bread, kaya, butter, soft-boiled eggs",2.8,9.45,11.82,251,FALSE,FALSE,Cloudy
1/19/2024,21,Casual Dining,Iced Lemon Tea,Breakfast,"black tea, lemon, sugar syrup",1.2,2.98,6.35,193,FALSE,FALSE,Sunny
1/19/2024,49,Kopitiam,Kaya Toast Set,Breakfast,"white bread, kaya, butter, soft-boiled eggs",2.8,7.62,8.14,438,FALSE,FALSE,Cloudy
1/19/2024,5,Cafe,Kaya Toast Set,Breakfast,"white bread, kaya, butter, soft-boiled eggs",2.8,9.03,8.27,908,TRUE,FALSE,Rainy
1/20/2024,14,Food Stall,Kaya Toast Set,Breakfast,"white bread, kaya, butter, soft-boiled eggs",2.8,7.3,7.88,575,FALSE,FALSE,Cloudy
